[go.vinhphucweb.com/index.html]
[backblue.gif]
[fade.gif]
[index.html]
[go.vinhphucweb.com/wp-content/plugins/contact-form-7/includes/css/styles972f.css]
[go.vinhphucweb.com/wp-content/themes/vpw_theme/css/lity55fe.css]
[go.vinhphucweb.com/trang-mau/feed/index.html]
[go.vinhphucweb.com/wp-content/themes/vpw_theme/css/bootstrap.min55fe.css]
[go.vinhphucweb.com/wp-content/themes/vpw_theme/css/bootstrap-theme.min55fe.css]
[go.vinhphucweb.com/wp-content/themes/vpw_theme/css/owl.carousel55fe.css]
[go.vinhphucweb.com/wp-content/themes/vpw_theme/css/owl.theme.default55fe.css]
[go.vinhphucweb.com/wp-content/themes/vpw_theme/css/animate.min55fe.css]
[go.vinhphucweb.com/wp-content/themes/vpw_theme/style55fe.css]
[go.vinhphucweb.com/wp-content/themes/vpw_theme/icon/css/font-awesome.min55fe.css]
[go.vinhphucweb.com/wp-includes/js/jquery/jquery-migrate.min330a.js]
[go.vinhphucweb.com/xmlrpc0db0.php]
[go.vinhphucweb.com/wp-json/index.html]
[go.vinhphucweb.com/wp-includes/wlwmanifest.xml]
[go.vinhphucweb.com/wp-json/oembed/1.0/embed9bcd.json]
[go.vinhphucweb.com/wp-json/oembed/1.0/embed61af]
[go.vinhphucweb.com/wp-content/uploads/2018/04/logo.png]
[go.vinhphucweb.com/wp-content/uploads/2018/04/mobile-logo.png]
[go.vinhphucweb.com/wp-includes/js/jquery/jqueryb8ff.js]
[go.vinhphucweb.com/wp-content/uploads/2018/04/banner.png]
[go.vinhphucweb.com/wp-content/uploads/2018/04/500px-Du-lich-sinh-thai-la-gi-305x180.jpg]
[go.vinhphucweb.com/gioi-thieu/index.html]
[go.vinhphucweb.com/wp-content/uploads/2018/04/den_thac_cai___ha_giang-305x180.jpg]
[go.vinhphucweb.com/dichvu_cat/dich-vu-cap-treo/index.html]
[go.vinhphucweb.com/wp-content/uploads/2018/04/hang-chuc-ngan-khach-hanh-huong-do-ve-dinh-nui-cam-cau-an-305x180.jpg]
[go.vinhphucweb.com/dich-vu/du-ngoan-cap-treo-3/index.html]
[go.vinhphucweb.com/dich-vu/du-ngoan-cap-treo-2/index.html]
[go.vinhphucweb.com/wp-content/uploads/2018/03/chua-vam-ray-tra-vinh-chua-phat-nam-lon-nhat-vietnam-205x188.jpg]
[go.vinhphucweb.com/wp-content/uploads/2018/04/1639-9805084f32a6d8844a35e48821b14411-305x180.jpg]
[go.vinhphucweb.com/dich-vu/du-ngoan-cap-treo/index.html]
[go.vinhphucweb.com/category/tin-tuc-su-kien/index.html]
[go.vinhphucweb.com/wp-content/uploads/2018/04/doitac1.jpg]
[go.vinhphucweb.com/photo_cat/thu-vien-thang-1/index.html]
[go.vinhphucweb.com/wp-content/uploads/2018/04/doitac2.jpg]
[go.vinhphucweb.com/video_cat/du-lich-thang-11/index.html]
[go.vinhphucweb.com/mua-online/index.html]
[go.vinhphucweb.com/wp-content/uploads/2018/04/doitac3.jpg]
[go.vinhphucweb.com/lien-he/index.html]
[go.vinhphucweb.com/bo-tri-noi-that-theo-phong-thuy-3/index.html]
[go.vinhphucweb.com/wp-content/uploads/2018/04/doitac4.jpg]
[go.vinhphucweb.com/bo-tri-noi-that-theo-phong-thuy-2/index.html]
[go.vinhphucweb.com/wp-content/uploads/2018/04/doitac5.jpg]
[go.vinhphucweb.com/photo/doan-du-khach-thang-1-2/index.html]
[go.vinhphucweb.com/wp-content/uploads/2018/04/doitac6.jpg]
[go.vinhphucweb.com/photo/doan-du-khach-thang-1/index.html]
[go.vinhphucweb.com/wp-content/uploads/2018/04/doitac4-1.jpg]
[go.vinhphucweb.com/wp-content/uploads/2018/04/logofooter.png]
[connect.facebook.net/vi_VN/all.js]
[go.vinhphucweb.com/wp-content/plugins/contact-form-7/includes/js/scripts972f.js]
[go.vinhphucweb.com/wp-content/themes/vpw_theme/js/bootstrap.min55fe.js]
[go.vinhphucweb.com/wp-content/themes/vpw_theme/js/lity55fe.js]
[go.vinhphucweb.com/wp-content/themes/vpw_theme/js/owl.carousel55fe.js]
[go.vinhphucweb.com/wp-includes/js/wp-embed.min55fe.js]
[go.vinhphucweb.com/index.html]
[go.vinhphucweb.com/wp-content/plugins/contact-form-7/images/ajax-loader.gif]
[go.vinhphucweb.com/wp-content/plugins/contact-form-7/includes/css/styles972f.css]
[go.vinhphucweb.com/wp-content/themes/vpw_theme/css/lity55fe.css]
[go.vinhphucweb.com/wp-content/themes/vpw_theme/fonts/glyphicons-halflings-regular.eot]
[go.vinhphucweb.com/wp-content/themes/vpw_theme/fonts/glyphicons-halflings-regulard41d.eot]
[go.vinhphucweb.com/wp-content/themes/vpw_theme/js/jquery.min55fe.js]
[go.vinhphucweb.com/wp-content/themes/vpw_theme/fonts/glyphicons-halflings-regular.woff]
[go.vinhphucweb.com/wp-content/themes/vpw_theme/fonts/glyphicons-halflings-regular.2b.delayed]
[go.vinhphucweb.com/wp-content/themes/vpw_theme/fonts/glyphicons-halflings-regular.2c.delayed]
[go.vinhphucweb.com/wp-content/themes/vpw_theme/css/bootstrap.min55fe.css]
[go.vinhphucweb.com/wp-content/themes/vpw_theme/css/bootstrap-theme.min55fe.css]
[go.vinhphucweb.com/wp-content/themes/vpw_theme/css/owl.video.play.2d.delayed]
[go.vinhphucweb.com/wp-content/themes/vpw_theme/css/owl.carousel55fe.css]
[go.vinhphucweb.com/wp-content/themes/vpw_theme/css/owl.theme.default55fe.css]
[go.vinhphucweb.com/wp-content/themes/vpw_theme/css/animate.min55fe.css]
[go.vinhphucweb.com/wp-content/themes/vpw_theme/fonts/MYRIADPRO-REGULAR.OTF]
[go.vinhphucweb.com/wp-content/themes/vpw_theme/images/search.png]
[go.vinhphucweb.com/wp-content/themes/vpw_theme/images/more.png]
[go.vinhphucweb.com/wp-content/themes/vpw_theme/images/video-icon.png]
[go.vinhphucweb.com/wp-content/themes/vpw_theme/images/prev.png]
[go.vinhphucweb.com/wp-content/themes/vpw_theme/images/next.png]
[go.vinhphucweb.com/wp-content/themes/vpw_theme/images/lienhe.png]
[go.vinhphucweb.com/wp-content/themes/vpw_theme/images/send.png]
[go.vinhphucweb.com/wp-content/themes/vpw_theme/style55fe.css]
[go.vinhphucweb.com/wp-content/themes/vpw_theme/icon/fonts/fontawesome-webfont3e6e.eot]
[go.vinhphucweb.com/wp-content/themes/vpw_theme/icon/fonts/fontawesome-webfontd41d.eot]
[go.vinhphucweb.com/wp-content/themes/vpw_theme/icon/fonts/fontawesome-webfont3e6e.woff2]
[go.vinhphucweb.com/wp-content/themes/vpw_theme/icon/fonts/fontawesome-webfont3e6e.ttf]
[go.vinhphucweb.com/wp-content/themes/vpw_theme/icon/css/font-awesome.min55fe.css]
[go.vinhphucweb.com/wp-content/themes/vpw_theme/icon/fonts/fontawesome-webfont3e6e.svg]
[go.vinhphucweb.com/wp-json/oembed/1.0/embede70b.json]
[go.vinhphucweb.com/wp-json/oembed/1.0/embedc1d6]
[go.vinhphucweb.com/gioi-thieu/index.html]
[go.vinhphucweb.com/dichvu_cat/dich-vu-cap-treo/index.html]
[go.vinhphucweb.com/dichvu_cat/dich-vu-cap-treo/feed/index.html]
[go.vinhphucweb.com/wp-json/oembed/1.0/embed5a6d.json]
[go.vinhphucweb.com/dich-vu/du-ngoan-cap-treo-3/feed/index.html]
[go.vinhphucweb.com/wp-json/oembed/1.0/embed17b8]
[go.vinhphucweb.com/wp-content/uploads/2018/04/1639-9805084f32a6d8844a35e48821b14411.jpg]
[go.vinhphucweb.com/wp-content/uploads/2018/04/hang-chuc-ngan-khach-hanh-huong-do-ve-dinh-nui-cam-cau-an.jpg]
[go.vinhphucweb.com/dich-vu/du-ngoan-cap-treo-3/index.html]
[go.vinhphucweb.com/wp-json/oembed/1.0/embeddb9f.json]
[go.vinhphucweb.com/dich-vu/du-ngoan-cap-treo-2/feed/index.html]
[go.vinhphucweb.com/wp-json/oembed/1.0/embed852a]
[go.vinhphucweb.com/dich-vu/du-ngoan-cap-treo-2/index.html]
[go.vinhphucweb.com/wp-json/oembed/1.0/embed479c.json]
[go.vinhphucweb.com/dich-vu/du-ngoan-cap-treo/feed/index.html]
[go.vinhphucweb.com/wp-json/oembed/1.0/embed96b7]
[go.vinhphucweb.com/dich-vu/du-ngoan-cap-treo/index.html]
[go.vinhphucweb.com/wp-content/uploads/2018/03/chua-vam-ray-tra-vinh-chua-phat-nam-lon-nhat-vietnam-305x180.jpg]
[go.vinhphucweb.com/category/tin-tuc-su-kien/feed/index.html]
[go.vinhphucweb.com/wp-content/uploads/2018/03/phatgiao-org-vn-chiem-nguong-net-dep-10-pho-tuong-6-305x180.jpg]
[go.vinhphucweb.com/category/tin-tuc-su-kien/index.html]
[go.vinhphucweb.com/photo_cat/thu-vien-thang-1/index.html]
[go.vinhphucweb.com/video_cat/du-lich-thang-11/index.html]
[go.vinhphucweb.com/photo_cat/thu-vien-thang-1/feed/index.html]
[go.vinhphucweb.com/video_cat/du-lich-thang-11/feed/index.html]
[go.vinhphucweb.com/bo-tri-noi-that-theo-phong-thuy/index.html]
[go.vinhphucweb.com/video_cat/du-lich-thang-11/page/2/index.html]
[go.vinhphucweb.com/wp-json/oembed/1.0/embed8a71.json]
[go.vinhphucweb.com/wp-json/oembed/1.0/embeda564]
[go.vinhphucweb.com/mua-online/index.html]
[go.vinhphucweb.com/wp-json/oembed/1.0/embed108a.json]
[go.vinhphucweb.com/wp-json/oembed/1.0/embed5834]
[go.vinhphucweb.com/lien-he/index.html]
[go.vinhphucweb.com/wp-json/oembed/1.0/embedac0d.json]
[go.vinhphucweb.com/bo-tri-noi-that-theo-phong-thuy-3/feed/index.html]
[go.vinhphucweb.com/wp-json/oembed/1.0/embedeac4]
[go.vinhphucweb.com/bo-tri-noi-that-theo-phong-thuy-3/index.html]
[go.vinhphucweb.com/wp-json/oembed/1.0/embed02f8.json]
[go.vinhphucweb.com/bo-tri-noi-that-theo-phong-thuy-2/feed/index.html]
[go.vinhphucweb.com/wp-json/oembed/1.0/embed9a6a]
[go.vinhphucweb.com/bo-tri-noi-that-theo-phong-thuy-2/index.html]
[go.vinhphucweb.com/wp-content/uploads/2018/03/phatgiao-org-vn-chiem-nguong-net-dep-10-pho-tuong-6-205x188.jpg]
[go.vinhphucweb.com/wp-json/oembed/1.0/embed8a4f.json]
[go.vinhphucweb.com/photo/doan-du-khach-thang-1-2/feed/index.html]
[go.vinhphucweb.com/wp-json/oembed/1.0/embedf608]
[go.vinhphucweb.com/wp-content/uploads/2018/03/phatgiao-org-vn-chiem-nguong-net-dep-10-pho-tuong-6-600x388.jpg]
[go.vinhphucweb.com/wp-content/uploads/2018/03/chua-vam-ray-tra-vinh-chua-phat-nam-lon-nhat-vietnam-670x388.jpg]
[go.vinhphucweb.com/wp-content/uploads/2018/04/den_thac_cai___ha_giang-670x388.jpg]
[go.vinhphucweb.com/wp-content/uploads/2018/04/500px-Du-lich-sinh-thai-la-gi.jpg]
[go.vinhphucweb.com/wp-content/uploads/2018/04/hang-chuc-ngan-khach-hanh-huong-do-ve-dinh-nui-cam-cau-an-670x388.jpg]
[go.vinhphucweb.com/wp-content/uploads/2018/04/1639-9805084f32a6d8844a35e48821b14411-670x388.jpg]
[go.vinhphucweb.com/photo/doan-du-khach-thang-1-2/index.html]
[go.vinhphucweb.com/photo/doan-du-khach-thang-1/feed/index.html]
[go.vinhphucweb.com/wp-json/oembed/1.0/embedb50b]
[go.vinhphucweb.com/photo/doan-du-khach-thang-1/index.html]
[go.vinhphucweb.com/ABCDEFGHIJKLMNOPQRSTUVWXYZabcdefghijklmnopqrstuvwxyz0123456789+/index.html]
[go.vinhphucweb.com/^([^_/indexd41d.html]
[go.vinhphucweb.com/restserver.php]
[go.vinhphucweb.com/dialog/index.html]
[go.vinhphucweb.com/%s/profile.5b4d6d.delayed]
[connect.facebook.net/vi_VN/all.js]
[go.vinhphucweb.com/wp-content/themes/vpw_theme/fonts/glyphicons-halflings-regular.html]
[go.vinhphucweb.com/wp-content/themes/vpw_theme/fonts/glyphicons-halflings-regulard41d.html]
[go.vinhphucweb.com/wp-content/themes/vpw_theme/fonts/glyphicons-halflings-regular-2.html]
[go.vinhphucweb.com/wp-content/themes/vpw_theme/fonts/glyphicons-halflings-regular-3.html]
[go.vinhphucweb.com/wp-content/themes/vpw_theme/fonts/glyphicons-halflings-regular-4.html]
[go.vinhphucweb.com/wp-content/themes/vpw_theme/css/owl.video.play.html]
[go.vinhphucweb.com/wp-content/themes/vpw_theme/icon/fonts/fontawesome-webfont3e6e.woff]
[go.vinhphucweb.com/wp-content/themes/vpw_theme/icon/fonts/fontawesome-webfont3e6e.svg]
[go.vinhphucweb.com/index0114.html]
[go.vinhphucweb.com/index4407.html]
[go.vinhphucweb.com/index00ab.html]
[go.vinhphucweb.com/index5de2.html]
[go.vinhphucweb.com/wp-json/oembed/1.0/embed08e3.json]
[go.vinhphucweb.com/bo-tri-noi-that-theo-phong-thuy/feed/index.html]
[go.vinhphucweb.com/wp-json/oembed/1.0/embed4441]
[go.vinhphucweb.com/bo-tri-noi-that-theo-phong-thuy/index.html]
[go.vinhphucweb.com/video_cat/du-lich-thang-11/page/2/index.html]
[go.vinhphucweb.com/index86d6.html]
[go.vinhphucweb.com/indexb5fb.html]
[go.vinhphucweb.com/index9d49.html]
[go.vinhphucweb.com/index7914.html]
[go.vinhphucweb.com/index2ef2.html]
[go.vinhphucweb.com/ABCDEFGHIJKLMNOPQRSTUVWXYZabcdefghijklmnopqrstuvwxyz0123456789+/index.html]
[go.vinhphucweb.com/^([^_/indexd41d.html]
[go.vinhphucweb.com/restserver.html]
[go.vinhphucweb.com/dialog/index.html]
[go.vinhphucweb.com/%s/profile4d6d.html]
[go.vinhphucweb.com/wp-json/oembed/1.0/embed6005]
[go.vinhphucweb.com/index8b39.html]
[go.vinhphucweb.com/video_cat/du-lich-thang-11/page/1/index.html]
[go.vinhphucweb.com/index2d4b.html]
